2026-09-15 19:09:14 RAW: {&quot;action&quot;:&quot;file_list&quot;}

JSON DECODE FAILED
2026-09-15 22:00:25 RAW: {&quot;action&quot;:&quot;file_list&quot;}

JSON DECODE FAILED
2026-09-16 10:47:43 RAW: {&quot;action&quot;:&quot;file_list&quot;}

JSON DECODE FAILED
2026-09-16 10:49:16 RAW: {&quot;action&quot;:&quot;file_list&quot;}

JSON DECODE FAILED
2026-09-16 11:10:28 RAW: {&quot;action&quot;:&quot;file_list&quot;}

JSON DECODE FAILED
2026-09-16 22:31:04 RAW: {&quot;action&quot;:&quot;file_list&quot;}

JSON DECODE FAILED
2026-09-16 22:31:20 RAW: {&quot;action&quot;:&quot;file_list&quot;}

JSON DECODE FAILED
2026-09-16 22:31:28 RAW: {&quot;action&quot;:&quot;file_list&quot;}

JSON DECODE FAILED
2026-09-16 22:39:54 RAW: {&quot;action&quot;:&quot;file_list&quot;}

JSON DECODE FAILED
2026-09-17 21:00:23 RAW: {"action":"file_list"}

DECODED ACTION: file_list | Filename: 
2026-09-17 21:02:04 RAW: 

JSON DECODE FAILED
2026-09-17 21:03:02 RAW: {"action":"folder_create","path":"public/"}

DECODED ACTION: folder_create | Filename: 
2026-09-17 21:03:18 RAW: {"action":"file_list"}

DECODED ACTION: file_list | Filename: 
2026-09-17 21:03:25 RAW: {"action":"file_list"}

DECODED ACTION: file_list | Filename: 
2026-09-17 21:04:04 RAW: {"action":"file_save","filename":"tree.php","text_content":""}

DECODED ACTION: file_save | Filename: tree.php
2026-09-18 00:11:27 RAW: {"action":"file_list"}

DECODED ACTION: file_list | Filename: 
2026-09-18 00:11:49 RAW: {"action":"file_list"}

DECODED ACTION: file_list | Filename: 
2026-09-18 02:17:53 RAW: {"action":"file_list"}

DECODED ACTION: file_list | Filename: 
2026-09-18 02:18:08 RAW: {"action":"file_list"}

DECODED ACTION: file_list | Filename: 
2026-09-18 02:49:00 RAW: {"action":"file_list"}

DECODED ACTION: file_list | Filename: 
